Microchip MPLAB XC8 Compiler V2.45

Linker command line:

-W-3 \
  --edf=C:\Program Files\Microchip\xc8\v2.45\pic\dat\20230818022343_en.msgs \
  -cn -h+dist/default/debug\code.debug.sym \
  --cmf=dist/default/debug\code.debug.cmf -z -Q18F25K80 \
  -oC:\Users\e2378353\AppData\Local\Temp\xcAsg2g.\driver_tmp_3.o \
  --defsym=__MPLAB_BUILD=1 --fixupoverflow=error \
  -Mdist/default/debug/code.debug.map \
  --md=C:\Users\e2378353\AppData\Local\Temp\xcAsg2g.\driver_tmp_0.dat -E1 \
  -ver=XC8 Compiler --acfsm=1493 -ACODE=00h-07FFFh -ACONST=00h-07FFFh \
  -ASMALLCONST=0F00h-0FFFhx113 -AMEDIUMCONST=0F00h-07FFFh -ACOMRAM=01h-05Fh \
  -AABS1=00h-0E40h -ABIGRAM=01h-0E40h \
  -ARAM=060h-0FFh,0100h-01FFhx13,0E00h-0E40h -ABANK0=060h-0FFh \
  -ABANK1=0100h-01FFh -ABANK2=0200h-02FFh -ABANK3=0300h-03FFh \
  -ABANK4=0400h-04FFh -ABANK5=0500h-05FFh -ABANK6=0600h-06FFh \
  -ABANK7=0700h-07FFh -ABANK8=0800h-08FFh -ABANK9=0900h-09FFh \
  -ABANK10=0A00h-0AFFh -ABANK11=0B00h-0BFFh -ABANK12=0C00h-0CFFh \
  -ABANK13=0D00h-0DFFh -ABANK14=0E00h-0E40h \
  -ASFR=0E41h-0EFFh,0F00h-0F5Fh,0F60h-0FFFh -ABIGSFR=0E41h-0FFFh \
  -ACONFIG=0300000h-030000Dh -AIDLOC=0200000h-0200007h \
  -AEEDATA=0F00000h-0F003FFh -peeprom_data=EEDATA \
  -preset_vec=00h,intcode,intcodelo,powerup,init -pramtop=0F00h \
  -psmallconst=SMALLCONST -pmediumconst=MEDIUMCONST -pconst=CONST \
  -AFARRAM=00h-00h \
  -prdata=COMRAM,nvrram=COMRAM,nvbit=COMRAM,rbss=COMRAM,rbit=COMRAM \
  -pfarbss=FARRAM,fardata=FARRAM,nvFARRAM=FARRAM \
  -pintsave_regs=BIGRAM,bigbss=BIGRAM,bigdata=BIGRAM -pbss=RAM \
  -pidata=CODE,irdata=CODE,ibigdata=CODE,ifardata=CODE -prparam=COMRAM \
  C:\Users\e2378353\AppData\Local\Temp\xcAsg2g.\driver_tmp_9.o \
  dist/default/debug\code.debug.o 

Object code version is 3.11

Machine type is 18F25K80



                Name                               Link     Load   Length Selector   Space Scale
C:\Users\e2378353\AppData\Local\Temp\xcAsg2g.\driver_tmp_9.o
                idloc                            200000   200000        8        0       5
                config                           300000   300000        E        0       4
                init                                  0        0        4        0       0
dist/default/debug\code.debug.o
                idloc                            200000   200000        8        0       5
                config                           300000   300000        E        0       4
                smallconst                          F00      F00       22      780       0
                text53                             179E     179E        4      BBB       0
                text52                             179A     179A        4      BBB       0
                text51                             1796     1796        4      BBB       0
                text50                             15C0     15C0       2A      791       0
                text49                             1792     1792        4      BBB       0
                text48                             178E     178E        4      BBB       0
                text47                             178A     178A        4      BBB       0
                text46                             1612     1612       22      791       0
                text45                             1354     1354       66      791       0
                text44                             1670     1670       18      791       0
                text43                             1594     1594       2C      791       0
                text42                             1568     1568       2C      791       0
                text41                             153C     153C       2C      791       0
                text40                             1510     1510       2C      791       0
                text39                             145A     145A       42      791       0
                text38                             1786     1786        4      BBB       0
                text37                             1782     1782        4      BBB       0
                text36                             177E     177E        4      BBB       0
                text35                             176A     176A        6      791       0
                text34                             177A     177A        4      BBB       0
                text33                             1764     1764        6      791       0
                text32                             175C     175C        8      791       0
                text31                             1688     1688       14      791       0
                text30                             1776     1776        4      BBB       0
                text29                             126E     126E       7C      791       0
                text28                             171A     171A        A      791       0
                text27                             16DA     16DA        E      791       0
                text26                             16CC     16CC        E      791       0
                text25                             1078     1078       C4      791       0
                text24                             113C     113C       A6      791       0
                text23                             1710     1710        A      791       0
                text22                             1754     1754        8      791       0
                text21                             174C     174C        8      791       0
                text20                             1744     1744        8      791       0
                text19                             173C     173C        8      791       0
                text18                             1734     1734        8      791       0
                text17                             172C     172C        8      791       0
                text16                             1724     1724        8      791       0
                text15                             1706     1706        A      791       0
                text14                             12EA     12EA       6A      791       0
                text13                             13BA     13BA       5E      791       0
                text12                             16AE     16AE       10      791       0
                text11                             1654     1654       1C      791       0
                text10                             1418     1418       42      791       0
                text9                              1634     1634       20      791       0
                text8                              11E2     11E2       8C      791       0
                text7                              16FC     16FC        A      791       0
                text6                              16F2     16F2        A      791       0
                text5                              16E8     16E8        A      791       0
                text4                              149C     149C       3E      791       0
                text3                              169C     169C       12      791       0
                text2                              15EA     15EA       28      791       0
                text1                              16BE     16BE        E      791       0
                text0                               F22      F22      156      791       0
                cstackCOMRAM                         26       26       1C        1       1
                dataCOMRAM                           48       48        5        1       1
                bssCOMRAM                             1        1       25        1       1
                cinit                              14DA     14DA       36      791       0
                nvCOMRAM                             42       42        6        1       1
                idataCOMRAM                        1770     1770        5      791       0

TOTAL           Name                               Link     Load   Length     Space
        CLASS   CODE           
                init                                  0        0        4         0
                text53                             179E     179E        4         0
                text52                             179A     179A        4         0
                text51                             1796     1796        4         0
                text50                             15C0     15C0       2A         0
                text49                             1792     1792        4         0
                text48                             178E     178E        4         0
                text47                             178A     178A        4         0
                text46                             1612     1612       22         0
                text45                             1354     1354       66         0
                text44                             1670     1670       18         0
                text43                             1594     1594       2C         0
                text42                             1568     1568       2C         0
                text41                             153C     153C       2C         0
                text40                             1510     1510       2C         0
                text39                             145A     145A       42         0
                text38                             1786     1786        4         0
                text37                             1782     1782        4         0
                text36                             177E     177E        4         0
                text35                             176A     176A        6         0
                text34                             177A     177A        4         0
                text33                             1764     1764        6         0
                text32                             175C     175C        8         0
                text31                             1688     1688       14         0
                text30                             1776     1776        4         0
                text29                             126E     126E       7C         0
                text28                             171A     171A        A         0
                text27                             16DA     16DA        E         0
                text26                             16CC     16CC        E         0
                text25                             1078     1078       C4         0
                text24                             113C     113C       A6         0
                text23                             1710     1710        A         0
                text22                             1754     1754        8         0
                text21                             174C     174C        8         0
                text20                             1744     1744        8         0
                text19                             173C     173C        8         0
                text18                             1734     1734        8         0
                text17                             172C     172C        8         0
                text16                             1724     1724        8         0
                text15                             1706     1706        A         0
                text14                             12EA     12EA       6A         0
                text13                             13BA     13BA       5E         0
                text12                             16AE     16AE       10         0
                text11                             1654     1654       1C         0
                text10                             1418     1418       42         0
                text9                              1634     1634       20         0
                text8                              11E2     11E2       8C         0
                text7                              16FC     16FC        A         0
                text6                              16F2     16F2        A         0
                text5                              16E8     16E8        A         0
                text4                              149C     149C       3E         0
                text3                              169C     169C       12         0
                text2                              15EA     15EA       28         0
                text1                              16BE     16BE        E         0
                text0                               F22      F22      156         0
                cinit                              14DA     14DA       36         0
                idataCOMRAM                        1770     1770        5         0

        CLASS   CONST          

        CLASS   SMALLCONST     
                smallconst                          F00      F00       22         0

        CLASS   MEDIUMCONST    

        CLASS   COMRAM         
                cstackCOMRAM                         26       26       1C         1
                dataCOMRAM                           48       48        5         1
                bssCOMRAM                             1        1       25         1
                nvCOMRAM                             42       42        6         1

        CLASS   ABS1           

        CLASS   BIGRAM         

        CLASS   RAM            

        CLASS   BANK0          

        CLASS   BANK1          

        CLASS   BANK2          

        CLASS   BANK3          

        CLASS   BANK4          

        CLASS   BANK5          

        CLASS   BANK6          

        CLASS   BANK7          

        CLASS   BANK8          

        CLASS   BANK9          

        CLASS   BANK10         

        CLASS   BANK11         

        CLASS   BANK12         

        CLASS   BANK13         

        CLASS   BANK14         

        CLASS   SFR            

        CLASS   BIGSFR         

        CLASS   CONFIG         
                config                           300000   300000        E         4

        CLASS   IDLOC          
                idloc                            200000   200000        8         5

        CLASS   EEDATA         

        CLASS   FARRAM         

        CLASS   HEAP           

        CLASS   STACK          



SEGMENTS        Name                           Load    Length   Top    Selector   Space  Class

                reset_vec                      000000  000004  000004         0       0  CODE    
                bssCOMRAM                      000001  00004C  00004D         1       1  COMRAM  
                smallconst                     000F00  000022  000F22       780       0  SMALLCON
                text0                          000F22  000853  001775       791       0  CODE    
                text30                         001776  00002C  0017A2       BBB       0  CODE    


UNUSED ADDRESS RANGES

        Name                Unused          Largest block    Delta
        BANK0            000060-0000FF               A0
        BANK1            000100-0001FF              100
        BANK10           000A00-000AFF              100
        BANK11           000B00-000BFF              100
        BANK12           000C00-000CFF              100
        BANK13           000D00-000DFF              100
        BANK14           000E00-000E40               41
        BANK2            000200-0002FF              100
        BANK3            000300-0003FF              100
        BANK4            000400-0004FF              100
        BANK5            000500-0005FF              100
        BANK6            000600-0006FF              100
        BANK7            000700-0007FF              100
        BANK8            000800-0008FF              100
        BANK9            000900-0009FF              100
        BIGRAM           00004D-000E40              DF4
        BIGSFR           000E41-000FFF              1BF
        CODE             000004-000EFF              EFC
                         001775-001775                1
                         0017A2-007FFF             685E
        COMRAM           00004D-00005F               13
        CONST            000004-000EFF              EFC
                         001775-001775                1
                         0017A2-007FFF             685E
        EEDATA           F00000-F003FF              400
        MEDIUMCONST      001775-001775                1
                         0017A2-007FFF             685E
        RAM              000060-000E40              100
        SFR              000E41-000FFF               BF
        SMALLCONST       001775-001775                1
                         0017A2-007FFF              100

                                  Symbol Table

EUSART1_SetErrorHandler@interruptHandler        cstackCOMRAM 000026
EUSART1_SetFramingErrorHandler@interruptHandler cstackCOMRAM 000026
EUSART1_SetOverrunErrorHandler@interruptHandler cstackCOMRAM 000026
I2C_CallbackReturnReset@funPtr                  cstackCOMRAM 00002F
I2C_Close@returnValue                           cstackCOMRAM 000026
I2C_MasterOperation@read                        cstackCOMRAM 000035
I2C_MasterOperation@returnValue                 cstackCOMRAM 000036
I2C_MasterSendTxData@data                       cstackCOMRAM 000026
I2C_Open@address                                cstackCOMRAM 000026
I2C_Open@returnValue                            cstackCOMRAM 000027
I2C_SetBuffer@buffer                            cstackCOMRAM 000026
I2C_SetBuffer@bufferSize                        cstackCOMRAM 000028
I2C_SetCallback@cb                              cstackCOMRAM 000026
I2C_SetCallback@idx                             cstackCOMRAM 00002A
I2C_SetCallback@ptr                             cstackCOMRAM 000028
I2C_SetDataCompleteCallback@cb                  cstackCOMRAM 00002B
I2C_SetDataCompleteCallback@ptr                 cstackCOMRAM 00002D
_ANCON0                                         (abs)        000F5D
_ANCON1                                         (abs)        000F5C
_BAUDCON1                                       (abs)        000FA7
_EUSART1_DefaultErrorHandler                    (abs)        000000
_EUSART1_DefaultFramingErrorHandler             (abs)        000000
_EUSART1_DefaultOverrunErrorHandler             (abs)        000000
_EUSART1_ErrorHandler                           nvCOMRAM     000042
_EUSART1_FramingErrorHandler                    nvCOMRAM     000046
_EUSART1_Initialize                             text4        00149C
_EUSART1_OverrunErrorHandler                    nvCOMRAM     000044
_EUSART1_SetErrorHandler                        text7        0016FC
_EUSART1_SetFramingErrorHandler                 text6        0016F2
_EUSART1_SetOverrunErrorHandler                 text5        0016E8
_I2C_CallbackReturnReset                        text37       001782
_I2C_CallbackReturnStop                         text38       001786
_I2C_Close                                      text50       0015C0
_I2C_DO_ADDRESS_NACK                            text14       0012EA
_I2C_DO_IDLE                                    text28       00171A
_I2C_DO_RCEN                                    text23       001710
_I2C_DO_RESET                                   text15       001706
_I2C_DO_RX                                      text24       00113C
_I2C_DO_RX_ACK                                  text18       001734
_I2C_DO_RX_NACK_RESTART                         text16       001724
_I2C_DO_RX_NACK_STOP                            text17       00172C
_I2C_DO_SEND_ADR_READ                           text27       0016DA
_I2C_DO_SEND_ADR_WRITE                          text26       0016CC
_I2C_DO_SEND_RESTART                            text20       001744
_I2C_DO_SEND_RESTART_READ                       text22       001754
_I2C_DO_SEND_RESTART_WRITE                      text21       00174C
_I2C_DO_SEND_STOP                               text19       00173C
_I2C_DO_TX                                      text25       001078
_I2C_DO_TX_EMPTY                                text29       00126E
_I2C_MasterClearIrq                             text53       00179E
_I2C_MasterClose                                text52       00179A
_I2C_MasterDisableIrq                           text51       001796
_I2C_MasterEnableRestart                        text48       00178E
_I2C_MasterFsm                                  text13       0013BA
_I2C_MasterGetRxData                            text34       00177A
_I2C_MasterIsNack                               text31       001688
_I2C_MasterOpen                                 text9        001634
_I2C_MasterOperation                            text10       001418
_I2C_MasterSendAck                              text33       001764
_I2C_MasterSendNack                             text35       00176A
_I2C_MasterSendTxData                           text32       00175C
_I2C_MasterSetIrq                               text30       001776
_I2C_MasterStart                                text49       001792
_I2C_MasterStartRx                              text36       00177E
_I2C_MasterStop                                 text47       00178A
_I2C_MasterWaitForEvent                         text12       0016AE
_I2C_Open                                       text8        0011E2
_I2C_Poller                                     text11       001654
_I2C_SetBuffer                                  text46       001612
_I2C_SetCallback                                text45       001354
_I2C_SetDataCompleteCallback                    text44       001670
_I2C_Status                                     bssCOMRAM    000001
_INTCON2bits                                    (abs)        000FF1
_INTCONbits                                     (abs)        000FF2
_LATA                                           (abs)        000F89
_LATB                                           (abs)        000F8A
_LATC                                           (abs)        000F8B
_OSCCON                                         (abs)        000FD3
_OSCCON2                                        (abs)        000FD2
_OSCILLATOR_Initialize                          text3        00169C
_OSCTUNE                                        (abs)        000F9B
_PIE1bits                                       (abs)        000F9D
_PIN_MANAGER_Initialize                         text2        0015EA
_PIR1bits                                       (abs)        000F9E
_PIR2bits                                       (abs)        000FA1
_RCREG1                                         (abs)        000FAE
_RCSTA1                                         (abs)        000FAB
_RCSTA1bits                                     (abs)        000FAB
_REFOCON                                        (abs)        000F9A
_SPBRG1                                         (abs)        000FAF
_SPBRGH1                                        (abs)        000F7D
_SSPADD                                         (abs)        000FC8
_SSPBUF                                         (abs)        000FC9
_SSPCON1                                        (abs)        000FC6
_SSPCON1bits                                    (abs)        000FC6
_SSPCON2                                        (abs)        000FC5
_SSPCON2bits                                    (abs)        000FC5
_SSPSTAT                                        (abs)        000FC7
_SSPSTATbits                                    (abs)        000FC7
_SYSTEM_Initialize                              text1        0016BE
_TRISA                                          (abs)        000F92
_TRISB                                          (abs)        000F93
_TRISC                                          (abs)        000F94
_TXREG1                                         (abs)        000FAD
_TXSTA1                                         (abs)        000FAC
_TXSTA1bits                                     (abs)        000FAC
_WPUB                                           (abs)        000F5B
__HRAM                                          (abs)        000000
__H__absolute__                                 __absolute__ 000000
__Habs1                                         abs1         000000
__Hbank0                                        bank0        000000
__Hbank1                                        bank1        000000
__Hbank10                                       bank10       000000
__Hbank11                                       bank11       000000
__Hbank12                                       bank12       000000
__Hbank13                                       bank13       000000
__Hbank14                                       bank14       000000
__Hbank2                                        bank2        000000
__Hbank3                                        bank3        000000
__Hbank4                                        bank4        000000
__Hbank5                                        bank5        000000
__Hbank6                                        bank6        000000
__Hbank7                                        bank7        000000
__Hbank8                                        bank8        000000
__Hbank9                                        bank9        000000
__Hbigbss                                       bigbss       000000
__Hbigdata                                      bigdata      000000
__Hbigram                                       bigram       000000
__Hbigsfr                                       bigsfr       000000
__Hbss                                          bss          000000
__HbssCOMRAM                                    bssCOMRAM    000000
__Hcinit                                        cinit        000000
__Hclrtext                                      clrtext      000000
__Hcomram                                       comram       000000
__Hconfig                                       config       30000E
__Hconst                                        const        000000
__HcstackCOMRAM                                 cstackCOMRAM 000000
__Hdata                                         data         000000
__HdataCOMRAM                                   dataCOMRAM   000000
__Heeprom_data                                  eeprom_data  000000
__Hfarbss                                       farbss       000000
__Hfardata                                      fardata      000000
__Hheap                                         heap         000000
__Hibigdata                                     ibigdata     000000
__Hidata                                        idata        000000
__HidataCOMRAM                                  idataCOMRAM  000000
__Hidloc                                        idloc        200008
__Hifardata                                     ifardata     000000
__Hinit                                         init         000004
__Hintcode                                      intcode      000000
__Hintcode_body                                 intcode_body 000000
__Hintcodelo                                    intcodelo    000000
__Hintentry                                     intentry     000000
__Hintret                                       intret       000000
__Hintsave_regs                                 intsave_regs 000000
__Hirdata                                       irdata       000000
__Hmediumconst                                  mediumconst  000000
__HnvCOMRAM                                     nvCOMRAM     000000
__HnvFARRAM                                     nvFARRAM     000000
__Hnvbit                                        nvbit        000000
__Hnvrram                                       nvrram       000000
__Hparam                                        rparam       000000
__Hpowerup                                      powerup      000000
__Hram                                          ram          000000
__Hramtop                                       ramtop       000F00
__Hrbit                                         rbit         000000
__Hrbss                                         rbss         000000
__Hrdata                                        rdata        000000
__Hreset_vec                                    reset_vec    000000
__Hrparam                                       rparam       000000
__Hsfr                                          sfr          000000
__Hsmallconst                                   smallconst   000F22
__Hspace_0                                      (abs)        0017A2
__Hspace_1                                      (abs)        00004D
__Hspace_2                                      (abs)        000000
__Hspace_4                                      (abs)        60000E
__Hstack                                        stack        000000
__Hstruct                                       struct       000000
__Htemp                                         temp         000000
__Htext                                         text         000000
__Htext0                                        text0        000000
__Htext1                                        text1        000000
__Htext10                                       text10       000000
__Htext11                                       text11       000000
__Htext12                                       text12       000000
__Htext13                                       text13       000000
__Htext14                                       text14       000000
__Htext15                                       text15       000000
__Htext16                                       text16       000000
__Htext17                                       text17       000000
__Htext18                                       text18       000000
__Htext19                                       text19       000000
__Htext2                                        text2        000000
__Htext20                                       text20       000000
__Htext21                                       text21       000000
__Htext22                                       text22       000000
__Htext23                                       text23       000000
__Htext24                                       text24       000000
__Htext25                                       text25       000000
__Htext26                                       text26       000000
__Htext27                                       text27       000000
__Htext28                                       text28       000000
__Htext29                                       text29       000000
__Htext3                                        text3        000000
__Htext30                                       text30       000000
__Htext31                                       text31       000000
__Htext32                                       text32       000000
__Htext33                                       text33       000000
__Htext34                                       text34       000000
__Htext35                                       text35       000000
__Htext36                                       text36       000000
__Htext37                                       text37       000000
__Htext38                                       text38       000000
__Htext39                                       text39       000000
__Htext4                                        text4        000000
__Htext40                                       text40       000000
__Htext41                                       text41       000000
__Htext42                                       text42       000000
__Htext43                                       text43       000000
__Htext44                                       text44       000000
__Htext45                                       text45       000000
__Htext46                                       text46       000000
__Htext47                                       text47       000000
__Htext48                                       text48       000000
__Htext49                                       text49       000000
__Htext5                                        text5        000000
__Htext50                                       text50       000000
__Htext51                                       text51       000000
__Htext52                                       text52       000000
__Htext53                                       text53       000000
__Htext54                                       text54       000000
__Htext6                                        text6        000000
__Htext7                                        text7        000000
__Htext8                                        text8        000000
__Htext9                                        text9        000000
__LRAM                                          (abs)        000001
__L__absolute__                                 __absolute__ 000000
__Labs1                                         abs1         000000
__Lbank0                                        bank0        000000
__Lbank1                                        bank1        000000
__Lbank10                                       bank10       000000
__Lbank11                                       bank11       000000
__Lbank12                                       bank12       000000
__Lbank13                                       bank13       000000
__Lbank14                                       bank14       000000
__Lbank2                                        bank2        000000
__Lbank3                                        bank3        000000
__Lbank4                                        bank4        000000
__Lbank5                                        bank5        000000
__Lbank6                                        bank6        000000
__Lbank7                                        bank7        000000
__Lbank8                                        bank8        000000
__Lbank9                                        bank9        000000
__Lbigbss                                       bigbss       000000
__Lbigdata                                      bigdata      000000
__Lbigram                                       bigram       000000
__Lbigsfr                                       bigsfr       000000
__Lbss                                          bss          000000
__LbssCOMRAM                                    bssCOMRAM    000000
__Lcinit                                        cinit        000000
__Lclrtext                                      clrtext      000000
__Lcomram                                       comram       000000
__Lconfig                                       config       000000
__Lconst                                        const        000000
__LcstackCOMRAM                                 cstackCOMRAM 000000
__Ldata                                         data         000000
__LdataCOMRAM                                   dataCOMRAM   000000
__Leeprom_data                                  eeprom_data  000000
__Lfarbss                                       farbss       000000
__Lfardata                                      fardata      000000
__Lheap                                         heap         000000
__Libigdata                                     ibigdata     000000
__Lidata                                        idata        000000
__LidataCOMRAM                                  idataCOMRAM  000000
__Lidloc                                        idloc        000000
__Lifardata                                     ifardata     000000
__Linit                                         init         000000
__Lintcode                                      intcode      000000
__Lintcode_body                                 intcode_body 000000
__Lintcodelo                                    intcodelo    000000
__Lintentry                                     intentry     000000
__Lintret                                       intret       000000
__Lintsave_regs                                 intsave_regs 000000
__Lirdata                                       irdata       000000
__Lmediumconst                                  mediumconst  000000
__LnvCOMRAM                                     nvCOMRAM     000000
__LnvFARRAM                                     nvFARRAM     000000
__Lnvbit                                        nvbit        000000
__Lnvrram                                       nvrram       000000
__Lparam                                        rparam       000000
__Lpowerup                                      powerup      000000
__Lram                                          ram          000000
__Lramtop                                       ramtop       000F00
__Lrbit                                         rbit         000000
__Lrbss                                         rbss         000000
__Lrdata                                        rdata        000000
__Lreset_vec                                    reset_vec    000000
__Lrparam                                       rparam       000000
__Lsfr                                          sfr          000000
__Lsmallconst                                   smallconst   000F00
__Lspace_0                                      (abs)        000000
__Lspace_1                                      (abs)        000000
__Lspace_2                                      (abs)        000000
__Lspace_4                                      (abs)        000000
__Lstack                                        stack        000000
__Lstruct                                       struct       000000
__Ltemp                                         temp         000000
__Ltext                                         text         000000
__Ltext0                                        text0        000000
__Ltext1                                        text1        000000
__Ltext10                                       text10       000000
__Ltext11                                       text11       000000
__Ltext12                                       text12       000000
__Ltext13                                       text13       000000
__Ltext14                                       text14       000000
__Ltext15                                       text15       000000
__Ltext16                                       text16       000000
__Ltext17                                       text17       000000
__Ltext18                                       text18       000000
__Ltext19                                       text19       000000
__Ltext2                                        text2        000000
__Ltext20                                       text20       000000
__Ltext21                                       text21       000000
__Ltext22                                       text22       000000
__Ltext23                                       text23       000000
__Ltext24                                       text24       000000
__Ltext25                                       text25       000000
__Ltext26                                       text26       000000
__Ltext27                                       text27       000000
__Ltext28                                       text28       000000
__Ltext29                                       text29       000000
__Ltext3                                        text3        000000
__Ltext30                                       text30       000000
__Ltext31                                       text31       000000
__Ltext32                                       text32       000000
__Ltext33                                       text33       000000
__Ltext34                                       text34       000000
__Ltext35                                       text35       000000
__Ltext36                                       text36       000000
__Ltext37                                       text37       000000
__Ltext38                                       text38       000000
__Ltext39                                       text39       000000
__Ltext4                                        text4        000000
__Ltext40                                       text40       000000
__Ltext41                                       text41       000000
__Ltext42                                       text42       000000
__Ltext43                                       text43       000000
__Ltext44                                       text44       000000
__Ltext45                                       text45       000000
__Ltext46                                       text46       000000
__Ltext47                                       text47       000000
__Ltext48                                       text48       000000
__Ltext49                                       text49       000000
__Ltext5                                        text5        000000
__Ltext50                                       text50       000000
__Ltext51                                       text51       000000
__Ltext52                                       text52       000000
__Ltext53                                       text53       000000
__Ltext54                                       text54       000000
__Ltext6                                        text6        000000
__Ltext7                                        text7        000000
__Ltext8                                        text8        000000
__Ltext9                                        text9        000000
__S0                                            (abs)        0017A2
__S1                                            (abs)        00004D
__S4                                            (abs)        000000
__S5                                            (abs)        000000
___heap_hi                                      (abs)        000000
___heap_lo                                      (abs)        000000
___inthi_sp                                     stack        000000
___inthi_stack_hi                               stack        000000
___inthi_stack_lo                               stack        000000
___intlo_sp                                     stack        000000
___intlo_stack_hi                               stack        000000
___intlo_stack_lo                               stack        000000
___param_bank                                   (abs)        000000
___rparam_used                                  (abs)        000001
___sp                                           stack        000000
___stack_hi                                     stack        000000
___stack_lo                                     stack        000000
__accesstop                                     (abs)        000060
__activetblptr                                  (abs)        000002
__end_of_EUSART1_Initialize                     text4        0014DA
__end_of_EUSART1_SetErrorHandler                text7        001706
__end_of_EUSART1_SetFramingErrorHandler         text6        0016FC
__end_of_EUSART1_SetOverrunErrorHandler         text5        0016F2
__end_of_I2C_CallbackReturnReset                text37       001786
__end_of_I2C_CallbackReturnStop                 text38       00178A
__end_of_I2C_Close                              text50       0015EA
__end_of_I2C_DO_ADDRESS_NACK                    text14       001354
__end_of_I2C_DO_IDLE                            text28       001724
__end_of_I2C_DO_RCEN                            text23       00171A
__end_of_I2C_DO_RESET                           text15       001710
__end_of_I2C_DO_RX                              text24       0011E2
__end_of_I2C_DO_RX_ACK                          text18       00173C
__end_of_I2C_DO_RX_NACK_RESTART                 text16       00172C
__end_of_I2C_DO_RX_NACK_STOP                    text17       001734
__end_of_I2C_DO_SEND_ADR_READ                   text27       0016E8
__end_of_I2C_DO_SEND_ADR_WRITE                  text26       0016DA
__end_of_I2C_DO_SEND_RESTART                    text20       00174C
__end_of_I2C_DO_SEND_RESTART_READ               text22       00175C
__end_of_I2C_DO_SEND_RESTART_WRITE              text21       001754
__end_of_I2C_DO_SEND_STOP                       text19       001744
__end_of_I2C_DO_TX                              text25       00113C
__end_of_I2C_DO_TX_EMPTY                        text29       0012EA
__end_of_I2C_MasterClearIrq                     text53       0017A2
__end_of_I2C_MasterClose                        text52       00179E
__end_of_I2C_MasterDisableIrq                   text51       00179A
__end_of_I2C_MasterEnableRestart                text48       001792
__end_of_I2C_MasterFsm                          text13       001418
__end_of_I2C_MasterGetRxData                    text34       00177E
__end_of_I2C_MasterIsNack                       text31       00169C
__end_of_I2C_MasterOpen                         text9        001654
__end_of_I2C_MasterOperation                    text10       00145A
__end_of_I2C_MasterSendAck                      text33       00176A
__end_of_I2C_MasterSendNack                     text35       001770
__end_of_I2C_MasterSendTxData                   text32       001764
__end_of_I2C_MasterSetIrq                       text30       00177A
__end_of_I2C_MasterStart                        text49       001796
__end_of_I2C_MasterStartRx                      text36       001782
__end_of_I2C_MasterStop                         text47       00178E
__end_of_I2C_MasterWaitForEvent                 text12       0016BE
__end_of_I2C_Open                               text8        00126E
__end_of_I2C_Poller                             text11       001670
__end_of_I2C_SetBuffer                          text46       001634
__end_of_I2C_SetCallback                        text45       0013BA
__end_of_I2C_SetDataCompleteCallback            text44       001688
__end_of_OSCILLATOR_Initialize                  text3        0016AE
__end_of_PIN_MANAGER_Initialize                 text2        001612
__end_of_SYSTEM_Initialize                      text1        0016CC
__end_of__initialization                        cinit        001506
__end_of_i2c_fsmStateTable                      smallconst   000F21
__end_of_main                                   text0        001078
__end_of_rd1RegCompleteHandler                  text42       001594
__end_of_rd2RegCompleteHandler                  text41       001568
__end_of_rdBlkRegCompleteHandler                text39       00149C
__end_of_wr1RegCompleteHandler                  text40       00153C
__end_of_wr2RegCompleteHandler                  text43       0015C0
__initialization                                cinit        0014DA
__mediumconst                                   mediumconst  000000
__pbssCOMRAM                                    bssCOMRAM    000001
__pcinit                                        cinit        0014DA
__pcstackCOMRAM                                 cstackCOMRAM 000026
__pdataCOMRAM                                   dataCOMRAM   000048
__pidataCOMRAM                                  idataCOMRAM  001770
__pnvCOMRAM                                     nvCOMRAM     000042
__psmallconst                                   smallconst   000F00
__ptext0                                        text0        000F22
__ptext1                                        text1        0016BE
__ptext10                                       text10       001418
__ptext11                                       text11       001654
__ptext12                                       text12       0016AE
__ptext13                                       text13       0013BA
__ptext14                                       text14       0012EA
__ptext15                                       text15       001706
__ptext16                                       text16       001724
__ptext17                                       text17       00172C
__ptext18                                       text18       001734
__ptext19                                       text19       00173C
__ptext2                                        text2        0015EA
__ptext20                                       text20       001744
__ptext21                                       text21       00174C
__ptext22                                       text22       001754
__ptext23                                       text23       001710
__ptext24                                       text24       00113C
__ptext25                                       text25       001078
__ptext26                                       text26       0016CC
__ptext27                                       text27       0016DA
__ptext28                                       text28       00171A
__ptext29                                       text29       00126E
__ptext3                                        text3        00169C
__ptext30                                       text30       001776
__ptext31                                       text31       001688
__ptext32                                       text32       00175C
__ptext33                                       text33       001764
__ptext34                                       text34       00177A
__ptext35                                       text35       00176A
__ptext36                                       text36       00177E
__ptext37                                       text37       001782
__ptext38                                       text38       001786
__ptext39                                       text39       00145A
__ptext4                                        text4        00149C
__ptext40                                       text40       001510
__ptext41                                       text41       00153C
__ptext42                                       text42       001568
__ptext43                                       text43       001594
__ptext44                                       text44       001670
__ptext45                                       text45       001354
__ptext46                                       text46       001612
__ptext47                                       text47       00178A
__ptext48                                       text48       00178E
__ptext49                                       text49       001792
__ptext5                                        text5        0016E8
__ptext50                                       text50       0015C0
__ptext51                                       text51       001796
__ptext52                                       text52       00179A
__ptext53                                       text53       00179E
__ptext54                                       text54       000000
__ptext6                                        text6        0016F2
__ptext7                                        text7        0016FC
__ptext8                                        text8        0011E2
__ptext9                                        text9        001634
__ramtop                                        ramtop       000F00
__smallconst                                    smallconst   000F00
_eusart1RxLastError                             bssCOMRAM    000025
_i2c_fsmStateTable                              smallconst   000F01
_main                                           text0        000F22
_rd1RegCompleteHandler                          text42       001568
_rd2RegCompleteHandler                          text41       00153C
_rdBlkRegCompleteHandler                        text39       00145A
_wr1RegCompleteHandler                          text40       001510
_wr2RegCompleteHandler                          text43       001594
end_of_initialization                           cinit        001506
intlevel0                                       text         000000
intlevel1                                       text         000000
intlevel2                                       text         000000
intlevel3                                       text         000000
isa$std                                         (abs)        000001
isa$xinst                                       (abs)        000000
main@Adress                                     cstackCOMRAM 00003F
main@F12636                                     dataCOMRAM   000048
main@F12639                                     dataCOMRAM   00004C
main@ad                                         cstackCOMRAM 000041
main@adresse                                    cstackCOMRAM 00003D
main@message                                    cstackCOMRAM 000039
rd1RegCompleteHandler@ptr                       cstackCOMRAM 00002F
rd2RegCompleteHandler@ptr                       cstackCOMRAM 00002F
rdBlkRegCompleteHandler@ptr                     cstackCOMRAM 00002F
stackhi                                         (abs)        000000
stacklo                                         (abs)        000000
start                                           init         000000
start_initialization                            cinit        0014DA
wr1RegCompleteHandler@ptr                       cstackCOMRAM 00002F
wr2RegCompleteHandler@ptr                       cstackCOMRAM 00002F


MODULE INFORMATION

Module		Function		Class		Link	Load	Size
mcc_generated_files/examples/i2c_master_example.c
		_wr1RegCompleteHandler		CODE           	1510	0000	44
		_wr2RegCompleteHandler		CODE           	1594	0000	44
		_rdBlkRegCompleteHandler		CODE           	145A	0000	66
		_rd1RegCompleteHandler		CODE           	1568	0000	44
		_rd2RegCompleteHandler		CODE           	153C	0000	44

mcc_generated_files/examples/i2c_master_example.c estimated size: 242

mcc_generated_files/pin_manager.c
		_PIN_MANAGER_Initialize		CODE           	15EA	0000	40

mcc_generated_files/pin_manager.c estimated size: 40

shared
		__initialization		CODE           	14DA	0000	44
		_i2c_fsmStateTable		SMALLCONST     	0F01	0000	32

shared estimated size: 76

mcc_generated_files/eusart1.c
		_EUSART1_Initialize		CODE           	149C	0000	62
		_EUSART1_SetFramingErrorHandler		CODE           	16F2	0000	10
		_EUSART1_SetOverrunErrorHandler		CODE           	16E8	0000	10
		_EUSART1_SetErrorHandler		CODE           	16FC	0000	10

mcc_generated_files/eusart1.c estimated size: 92

mcc_generated_files/mcc.c
		_OSCILLATOR_Initialize		CODE           	169C	0000	18
		_SYSTEM_Initialize		CODE           	16BE	0000	14

mcc_generated_files/mcc.c estimated size: 32

mcc_generated_files/i2c_master.c
		_I2C_Close     		CODE           	15C0	0000	42
		_I2C_MasterStartRx		CODE           	177E	0000	4
		_I2C_DO_SEND_ADR_WRITE		CODE           	16CC	0000	14
		_I2C_MasterWaitForEvent		CODE           	16AE	0000	16
		_I2C_DO_SEND_STOP		CODE           	173C	0000	8
		_I2C_MasterSendNack		CODE           	176A	0000	6
		_I2C_MasterDisableIrq		CODE           	1796	0000	4
		_I2C_CallbackReturnStop		CODE           	1786	0000	4
		_I2C_MasterOperation		CODE           	1418	0000	66
		_I2C_DO_SEND_ADR_READ		CODE           	16DA	0000	14
		_I2C_DO_RX_NACK_STOP		CODE           	172C	0000	8
		_I2C_DO_SEND_RESTART		CODE           	1744	0000	8
		_I2C_DO_RX     		CODE           	113C	0000	166
		_I2C_DO_TX     		CODE           	1078	0000	196
		_I2C_DO_IDLE   		CODE           	171A	0000	10
		_I2C_DO_RCEN   		CODE           	1710	0000	10
		_I2C_Poller    		CODE           	1654	0000	28
		_I2C_DO_RESET  		CODE           	1706	0000	10
		_I2C_MasterClose		CODE           	179A	0000	4
		_I2C_DO_RX_ACK 		CODE           	1734	0000	8
		_I2C_MasterStart		CODE           	1792	0000	4
		_I2C_MasterClearIrq		CODE           	179E	0000	4
		_I2C_MasterGetRxData		CODE           	177A	0000	4
		_I2C_SetCallback		CODE           	1354	0000	102
		_I2C_DO_ADDRESS_NACK		CODE           	12EA	0000	106
		_I2C_MasterEnableRestart		CODE           	178E	0000	4
		_I2C_CallbackReturnReset		CODE           	1782	0000	4
		_I2C_Open      		CODE           	11E2	0000	140
		_I2C_DO_TX_EMPTY		CODE           	126E	0000	124
		_I2C_DO_SEND_RESTART_WRITE		CODE           	174C	0000	8
		_I2C_MasterIsNack		CODE           	1688	0000	20
		_I2C_SetDataCompleteCallback		CODE           	1670	0000	24
		_I2C_DO_RX_NACK_RESTART		CODE           	1724	0000	8
		_I2C_MasterSendAck		CODE           	1764	0000	6
		_I2C_MasterFsm 		CODE           	13BA	0000	94
		_I2C_MasterSetIrq		CODE           	1776	0000	4
		_I2C_DO_SEND_RESTART_READ		CODE           	1754	0000	8
		_I2C_SetBuffer 		CODE           	1612	0000	34
		_I2C_MasterOpen		CODE           	1634	0000	32
		_I2C_MasterSendTxData		CODE           	175C	0000	8
		_I2C_MasterStop		CODE           	178A	0000	4

mcc_generated_files/i2c_master.c estimated size: 1368

main.c
		_main          		CODE           	0F22	0000	342

main.c estimated size: 342

