Microchip MPLAB XC8 Compiler V2.40

Linker command line:

-W-3 \
  --edf=C:\Program Files\Microchip\xc8\v2.40\pic\dat\20220703182018_en.msgs \
  -cn -h+dist/default/production\code.production.sym \
  --cmf=dist/default/production\code.production.cmf -z -Q18F25K80 \
  -oC:\Users\lorvi\AppData\Local\Temp\xcAs13gk.4 --defsym=__MPLAB_BUILD=1 \
  --fixupoverflow=error -Mdist/default/production/code.production.map \
  --md=C:\Users\lorvi\AppData\Local\Temp\xcAs13gk.dat -E1 -ver=XC8 Compiler \
  --acfsm=1493 -ACODE=00h-07FFFh -ACONST=00h-07FFFh \
  -ASMALLCONST=01000h-010FFhx112 -AMEDIUMCONST=01000h-07FFFh \
  -ACOMRAM=01h-05Fh -AABS1=00h-0E40h -ABIGRAM=01h-0E40h \
  -ARAM=060h-0FFh,0100h-01FFhx13,0E00h-0E40h -ABANK0=060h-0FFh \
  -ABANK1=0100h-01FFh -ABANK2=0200h-02FFh -ABANK3=0300h-03FFh \
  -ABANK4=0400h-04FFh -ABANK5=0500h-05FFh -ABANK6=0600h-06FFh \
  -ABANK7=0700h-07FFh -ABANK8=0800h-08FFh -ABANK9=0900h-09FFh \
  -ABANK10=0A00h-0AFFh -ABANK11=0B00h-0BFFh -ABANK12=0C00h-0CFFh \
  -ABANK13=0D00h-0DFFh -ABANK14=0E00h-0E40h \
  -ASFR=0E41h-0EFFh,0F00h-0F5Fh,0F60h-0FFFh -ABIGSFR=0E41h-0FFFh \
  -ACONFIG=0300000h-030000Dh -AIDLOC=0200000h-0200007h \
  -AEEDATA=0F00000h-0F003FFh -peeprom_data=EEDATA \
  -preset_vec=00h,intcode,intcodelo,powerup,init -pramtop=01000h \
  -psmallconst=SMALLCONST -pmediumconst=MEDIUMCONST -pconst=CONST \
  -AFARRAM=00h-00h \
  -prdata=COMRAM,nvrram=COMRAM,nvbit=COMRAM,rbss=COMRAM,rbit=COMRAM \
  -pfarbss=FARRAM,fardata=FARRAM,nvFARRAM=FARRAM \
  -pintsave_regs=BIGRAM,bigbss=BIGRAM,bigdata=BIGRAM -pbss=RAM \
  -pidata=CODE,irdata=CODE,ibigdata=CODE,ifardata=CODE -prparam=COMRAM \
  C:\Users\lorvi\AppData\Local\Temp\xcAs13gk.o \
  dist/default/production\code.production.o 

Object code version is 3.11

Machine type is 18F25K80



                Name                               Link     Load   Length Selector   Space Scale
C:\Users\lorvi\AppData\Local\Temp\xcAs13gk.o
                idloc                            200000   200000        8        0       5
                config                           300000   300000        E        0       4
                init                                  0        0        4        0       0
dist/default/production\code.production.o
                idloc                            200000   200000        8        0       5
                config                           300000   300000        E        0       4
                smallconst                         1000     1000       22      800       0
                text53                             1884     1884        4      811       0
                text52                             1880     1880        4      811       0
                text51                             187C     187C        4      811       0
                text50                             1696     1696       2A      811       0
                text49                             1878     1878        4      811       0
                text48                             1874     1874        4      811       0
                text47                             1870     1870        4      811       0
                text46                             16E8     16E8       22      811       0
                text45                             13E6     13E6       7A      811       0
                text44                             1746     1746       18      811       0
                text43                             166A     166A       2C      811       0
                text42                             163E     163E       2C      811       0
                text41                             1612     1612       2C      811       0
                text40                             15E6     15E6       2C      811       0
                text39                             1568     1568       40      811       0
                text38                             186C     186C        4      811       0
                text37                             1868     1868        4      811       0
                text36                             1864     1864        4      811       0
                text35                             1856     1856        6      811       0
                text34                             1860     1860        4      811       0
                text33                             1850     1850        6      811       0
                text32                             1848     1848        8      811       0
                text31                             1774     1774       14      811       0
                text30                             185C     185C        4      811       0
                text29                             136A     136A       7C      811       0
                text28                             1806     1806        A      811       0
                text27                             17C6     17C6        E      811       0
                text26                             17B8     17B8        E      811       0
                text25                             1174     1174       C4      811       0
                text24                             1238     1238       A6      811       0
                text23                             17FC     17FC        A      811       0
                text22                             1840     1840        8      811       0
                text21                             1838     1838        8      811       0
                text20                             1830     1830        8      811       0
                text19                             1828     1828        8      811       0
                text18                             1820     1820        8      811       0
                text17                             1818     1818        8      811       0
                text16                             1810     1810        8      811       0
                text15                             17F2     17F2        A      811       0
                text14                             1460     1460       6A      811       0
                text13                             14CA     14CA       5C      811       0
                text12                             179A     179A       10      811       0
                text11                             172A     172A       1C      811       0
                text10                             1526     1526       42      811       0
                text9                              170A     170A       20      811       0
                text8                              12DE     12DE       8C      811       0
                text7                              17E8     17E8        A      811       0
                text6                              17DE     17DE        A      811       0
                text5                              17D4     17D4        A      811       0
                text4                              15A8     15A8       3E      811       0
                text3                              1788     1788       12      811       0
                text2                              16C0     16C0       28      811       0
                text1                              17AA     17AA        E      811       0
                text0                              1022     1022      152      811       0
                cstackCOMRAM                         26       26       1D        1       1
                bssCOMRAM                             1        1       25        1       1
                cinit                              175E     175E       16      811       0
                nvCOMRAM                             43       43        6        1       1

TOTAL           Name                               Link     Load   Length     Space
        CLASS   CODE           
                init                                  0        0        4         0
                text53                             1884     1884        4         0
                text52                             1880     1880        4         0
                text51                             187C     187C        4         0
                text50                             1696     1696       2A         0
                text49                             1878     1878        4         0
                text48                             1874     1874        4         0
                text47                             1870     1870        4         0
                text46                             16E8     16E8       22         0
                text45                             13E6     13E6       7A         0
                text44                             1746     1746       18         0
                text43                             166A     166A       2C         0
                text42                             163E     163E       2C         0
                text41                             1612     1612       2C         0
                text40                             15E6     15E6       2C         0
                text39                             1568     1568       40         0
                text38                             186C     186C        4         0
                text37                             1868     1868        4         0
                text36                             1864     1864        4         0
                text35                             1856     1856        6         0
                text34                             1860     1860        4         0
                text33                             1850     1850        6         0
                text32                             1848     1848        8         0
                text31                             1774     1774       14         0
                text30                             185C     185C        4         0
                text29                             136A     136A       7C         0
                text28                             1806     1806        A         0
                text27                             17C6     17C6        E         0
                text26                             17B8     17B8        E         0
                text25                             1174     1174       C4         0
                text24                             1238     1238       A6         0
                text23                             17FC     17FC        A         0
                text22                             1840     1840        8         0
                text21                             1838     1838        8         0
                text20                             1830     1830        8         0
                text19                             1828     1828        8         0
                text18                             1820     1820        8         0
                text17                             1818     1818        8         0
                text16                             1810     1810        8         0
                text15                             17F2     17F2        A         0
                text14                             1460     1460       6A         0
                text13                             14CA     14CA       5C         0
                text12                             179A     179A       10         0
                text11                             172A     172A       1C         0
                text10                             1526     1526       42         0
                text9                              170A     170A       20         0
                text8                              12DE     12DE       8C         0
                text7                              17E8     17E8        A         0
                text6                              17DE     17DE        A         0
                text5                              17D4     17D4        A         0
                text4                              15A8     15A8       3E         0
                text3                              1788     1788       12         0
                text2                              16C0     16C0       28         0
                text1                              17AA     17AA        E         0
                text0                              1022     1022      152         0
                cinit                              175E     175E       16         0

        CLASS   CONST          

        CLASS   SMALLCONST     
                smallconst                         1000     1000       22         0

        CLASS   MEDIUMCONST    

        CLASS   COMRAM         
                cstackCOMRAM                         26       26       1D         1
                bssCOMRAM                             1        1       25         1
                nvCOMRAM                             43       43        6         1

        CLASS   ABS1           

        CLASS   BIGRAM         

        CLASS   RAM            

        CLASS   BANK0          

        CLASS   BANK1          

        CLASS   BANK2          

        CLASS   BANK3          

        CLASS   BANK4          

        CLASS   BANK5          

        CLASS   BANK6          

        CLASS   BANK7          

        CLASS   BANK8          

        CLASS   BANK9          

        CLASS   BANK10         

        CLASS   BANK11         

        CLASS   BANK12         

        CLASS   BANK13         

        CLASS   BANK14         

        CLASS   SFR            

        CLASS   BIGSFR         

        CLASS   CONFIG         
                config                           300000   300000        E         4

        CLASS   IDLOC          
                idloc                            200000   200000        8         5

        CLASS   EEDATA         

        CLASS   FARRAM         

        CLASS   HEAP           

        CLASS   STACK          



SEGMENTS        Name                           Load    Length   Top    Selector   Space  Class

                reset_vec                      000000  000004  000004         0       0  CODE    
                bssCOMRAM                      000001  000048  000049         1       1  COMRAM  
                smallconst                     001000  000022  001022       800       0  SMALLCON
                text0                          001022  000866  001888       811       0  CODE    


UNUSED ADDRESS RANGES

        Name                Unused          Largest block    Delta
        BANK0            000060-0000FF               A0
        BANK1            000100-0001FF              100
        BANK10           000A00-000AFF              100
        BANK11           000B00-000BFF              100
        BANK12           000C00-000CFF              100
        BANK13           000D00-000DFF              100
        BANK14           000E00-000E40               41
        BANK2            000200-0002FF              100
        BANK3            000300-0003FF              100
        BANK4            000400-0004FF              100
        BANK5            000500-0005FF              100
        BANK6            000600-0006FF              100
        BANK7            000700-0007FF              100
        BANK8            000800-0008FF              100
        BANK9            000900-0009FF              100
        BIGRAM           000049-000E40              DF8
        BIGSFR           000E41-000FFF              1BF
        CODE             000004-000FFF              FFC
                         001888-007FFF             6778
        COMRAM           000049-00005F               17
        CONST            000004-000FFF              FFC
                         001888-007FFF             6778
        EEDATA           F00000-F003FF              400
        MEDIUMCONST      001888-007FFF             6778
        RAM              000060-000E40              100
        SFR              000E41-000FFF               BF
        SMALLCONST       001888-007FFF              100

                                  Symbol Table

EUSART1_SetErrorHandler@interruptHandler        cstackCOMRAM 000026
EUSART1_SetFramingErrorHandler@interruptHandler cstackCOMRAM 000026
EUSART1_SetOverrunErrorHandler@interruptHandler cstackCOMRAM 000026
I2C_CallbackReturnReset@funPtr                  cstackCOMRAM 00002F
I2C_Close@returnValue                           cstackCOMRAM 000026
I2C_MasterOperation@read                        cstackCOMRAM 000033
I2C_MasterOperation@returnValue                 cstackCOMRAM 000034
I2C_MasterSendTxData@data                       cstackCOMRAM 000026
I2C_Open@address                                cstackCOMRAM 000026
I2C_Open@returnValue                            cstackCOMRAM 000027
I2C_SetBuffer@buffer                            cstackCOMRAM 000026
I2C_SetBuffer@bufferSize                        cstackCOMRAM 000028
I2C_SetCallback@cb                              cstackCOMRAM 000026
I2C_SetCallback@idx                             cstackCOMRAM 00002A
I2C_SetCallback@ptr                             cstackCOMRAM 000028
I2C_SetDataCompleteCallback@cb                  cstackCOMRAM 00002B
I2C_SetDataCompleteCallback@ptr                 cstackCOMRAM 00002D
_ANCON0                                         (abs)        000F5D
_ANCON1                                         (abs)        000F5C
_BAUDCON1                                       (abs)        000FA7
_EUSART1_DefaultErrorHandler                    (abs)        000000
_EUSART1_DefaultFramingErrorHandler             (abs)        000000
_EUSART1_DefaultOverrunErrorHandler             (abs)        000000
_EUSART1_ErrorHandler                           nvCOMRAM     000043
_EUSART1_FramingErrorHandler                    nvCOMRAM     000047
_EUSART1_Initialize                             text4        0015A8
_EUSART1_OverrunErrorHandler                    nvCOMRAM     000045
_EUSART1_SetErrorHandler                        text7        0017E8
_EUSART1_SetFramingErrorHandler                 text6        0017DE
_EUSART1_SetOverrunErrorHandler                 text5        0017D4
_I2C_CallbackReturnReset                        text37       001868
_I2C_CallbackReturnStop                         text38       00186C
_I2C_Close                                      text50       001696
_I2C_DO_ADDRESS_NACK                            text14       001460
_I2C_DO_IDLE                                    text28       001806
_I2C_DO_RCEN                                    text23       0017FC
_I2C_DO_RESET                                   text15       0017F2
_I2C_DO_RX                                      text24       001238
_I2C_DO_RX_ACK                                  text18       001820
_I2C_DO_RX_NACK_RESTART                         text16       001810
_I2C_DO_RX_NACK_STOP                            text17       001818
_I2C_DO_SEND_ADR_READ                           text27       0017C6
_I2C_DO_SEND_ADR_WRITE                          text26       0017B8
_I2C_DO_SEND_RESTART                            text20       001830
_I2C_DO_SEND_RESTART_READ                       text22       001840
_I2C_DO_SEND_RESTART_WRITE                      text21       001838
_I2C_DO_SEND_STOP                               text19       001828
_I2C_DO_TX                                      text25       001174
_I2C_DO_TX_EMPTY                                text29       00136A
_I2C_MasterClearIrq                             text53       001884
_I2C_MasterClose                                text52       001880
_I2C_MasterDisableIrq                           text51       00187C
_I2C_MasterEnableRestart                        text48       001874
_I2C_MasterFsm                                  text13       0014CA
_I2C_MasterGetRxData                            text34       001860
_I2C_MasterIsNack                               text31       001774
_I2C_MasterOpen                                 text9        00170A
_I2C_MasterOperation                            text10       001526
_I2C_MasterSendAck                              text33       001850
_I2C_MasterSendNack                             text35       001856
_I2C_MasterSendTxData                           text32       001848
_I2C_MasterSetIrq                               text30       00185C
_I2C_MasterStart                                text49       001878
_I2C_MasterStartRx                              text36       001864
_I2C_MasterStop                                 text47       001870
_I2C_MasterWaitForEvent                         text12       00179A
_I2C_Open                                       text8        0012DE
_I2C_Poller                                     text11       00172A
_I2C_SetBuffer                                  text46       0016E8
_I2C_SetCallback                                text45       0013E6
_I2C_SetDataCompleteCallback                    text44       001746
_I2C_Status                                     bssCOMRAM    000001
_INTCON2bits                                    (abs)        000FF1
_INTCONbits                                     (abs)        000FF2
_LATA                                           (abs)        000F89
_LATB                                           (abs)        000F8A
_LATC                                           (abs)        000F8B
_OSCCON                                         (abs)        000FD3
_OSCCON2                                        (abs)        000FD2
_OSCILLATOR_Initialize                          text3        001788
_OSCTUNE                                        (abs)        000F9B
_PIE1bits                                       (abs)        000F9D
_PIN_MANAGER_Initialize                         text2        0016C0
_PIR1bits                                       (abs)        000F9E
_PIR2bits                                       (abs)        000FA1
_RCREG1                                         (abs)        000FAE
_RCSTA1                                         (abs)        000FAB
_RCSTA1bits                                     (abs)        000FAB
_REFOCON                                        (abs)        000F9A
_SPBRG1                                         (abs)        000FAF
_SPBRGH1                                        (abs)        000F7D
_SSPADD                                         (abs)        000FC8
_SSPBUF                                         (abs)        000FC9
_SSPCON1                                        (abs)        000FC6
_SSPCON1bits                                    (abs)        000FC6
_SSPCON2                                        (abs)        000FC5
_SSPCON2bits                                    (abs)        000FC5
_SSPSTAT                                        (abs)        000FC7
_SSPSTATbits                                    (abs)        000FC7
_SYSTEM_Initialize                              text1        0017AA
_TRISA                                          (abs)        000F92
_TRISB                                          (abs)        000F93
_TRISC                                          (abs)        000F94
_TXREG1                                         (abs)        000FAD
_TXSTA1                                         (abs)        000FAC
_TXSTA1bits                                     (abs)        000FAC
_WPUB                                           (abs)        000F5B
__HRAM                                          (abs)        000000
__Habs1                                         abs1         000000
__Hbank0                                        bank0        000000
__Hbank1                                        bank1        000000
__Hbank10                                       bank10       000000
__Hbank11                                       bank11       000000
__Hbank12                                       bank12       000000
__Hbank13                                       bank13       000000
__Hbank14                                       bank14       000000
__Hbank2                                        bank2        000000
__Hbank3                                        bank3        000000
__Hbank4                                        bank4        000000
__Hbank5                                        bank5        000000
__Hbank6                                        bank6        000000
__Hbank7                                        bank7        000000
__Hbank8                                        bank8        000000
__Hbank9                                        bank9        000000
__Hbigbss                                       bigbss       000000
__Hbigdata                                      bigdata      000000
__Hbigram                                       bigram       000000
__Hbigsfr                                       bigsfr       000000
__Hbss                                          bss          000000
__HbssCOMRAM                                    bssCOMRAM    000000
__Hcinit                                        cinit        000000
__Hclrtext                                      clrtext      000000
__Hcomram                                       comram       000000
__Hconfig                                       config       30000E
__Hconst                                        const        000000
__HcstackCOMRAM                                 cstackCOMRAM 000000
__Hdata                                         data         000000
__Heeprom_data                                  eeprom_data  000000
__Hfarbss                                       farbss       000000
__Hfardata                                      fardata      000000
__Hheap                                         heap         000000
__Hibigdata                                     ibigdata     000000
__Hidata                                        idata        000000
__Hidloc                                        idloc        200008
__Hifardata                                     ifardata     000000
__Hinit                                         init         000004
__Hintcode                                      intcode      000000
__Hintcode_body                                 intcode_body 000000
__Hintcodelo                                    intcodelo    000000
__Hintentry                                     intentry     000000
__Hintret                                       intret       000000
__Hintsave_regs                                 intsave_regs 000000
__Hirdata                                       irdata       000000
__Hmediumconst                                  mediumconst  000000
__HnvCOMRAM                                     nvCOMRAM     000000
__HnvFARRAM                                     nvFARRAM     000000
__Hnvbit                                        nvbit        000000
__Hnvrram                                       nvrram       000000
__Hparam                                        rparam       000000
__Hpowerup                                      powerup      000000
__Hram                                          ram          000000
__Hramtop                                       ramtop       001000
__Hrbit                                         rbit         000000
__Hrbss                                         rbss         000000
__Hrdata                                        rdata        000000
__Hreset_vec                                    reset_vec    000000
__Hrparam                                       rparam       000000
__Hsfr                                          sfr          000000
__Hsmallconst                                   smallconst   001022
__Hspace_0                                      (abs)        001888
__Hspace_1                                      (abs)        000049
__Hspace_2                                      (abs)        000000
__Hspace_4                                      (abs)        60000E
__Hstack                                        stack        000000
__Hstruct                                       struct       000000
__Htemp                                         temp         000000
__Htext                                         text         000000
__Htext0                                        text0        000000
__Htext1                                        text1        000000
__Htext10                                       text10       000000
__Htext11                                       text11       000000
__Htext12                                       text12       000000
__Htext13                                       text13       000000
__Htext14                                       text14       000000
__Htext15                                       text15       000000
__Htext16                                       text16       000000
__Htext17                                       text17       000000
__Htext18                                       text18       000000
__Htext19                                       text19       000000
__Htext2                                        text2        000000
__Htext20                                       text20       000000
__Htext21                                       text21       000000
__Htext22                                       text22       000000
__Htext23                                       text23       000000
__Htext24                                       text24       000000
__Htext25                                       text25       000000
__Htext26                                       text26       000000
__Htext27                                       text27       000000
__Htext28                                       text28       000000
__Htext29                                       text29       000000
__Htext3                                        text3        000000
__Htext30                                       text30       000000
__Htext31                                       text31       000000
__Htext32                                       text32       000000
__Htext33                                       text33       000000
__Htext34                                       text34       000000
__Htext35                                       text35       000000
__Htext36                                       text36       000000
__Htext37                                       text37       000000
__Htext38                                       text38       000000
__Htext39                                       text39       000000
__Htext4                                        text4        000000
__Htext40                                       text40       000000
__Htext41                                       text41       000000
__Htext42                                       text42       000000
__Htext43                                       text43       000000
__Htext44                                       text44       000000
__Htext45                                       text45       000000
__Htext46                                       text46       000000
__Htext47                                       text47       000000
__Htext48                                       text48       000000
__Htext49                                       text49       000000
__Htext5                                        text5        000000
__Htext50                                       text50       000000
__Htext51                                       text51       000000
__Htext52                                       text52       000000
__Htext53                                       text53       000000
__Htext54                                       text54       000000
__Htext6                                        text6        000000
__Htext7                                        text7        000000
__Htext8                                        text8        000000
__Htext9                                        text9        000000
__LRAM                                          (abs)        000001
__Labs1                                         abs1         000000
__Lbank0                                        bank0        000000
__Lbank1                                        bank1        000000
__Lbank10                                       bank10       000000
__Lbank11                                       bank11       000000
__Lbank12                                       bank12       000000
__Lbank13                                       bank13       000000
__Lbank14                                       bank14       000000
__Lbank2                                        bank2        000000
__Lbank3                                        bank3        000000
__Lbank4                                        bank4        000000
__Lbank5                                        bank5        000000
__Lbank6                                        bank6        000000
__Lbank7                                        bank7        000000
__Lbank8                                        bank8        000000
__Lbank9                                        bank9        000000
__Lbigbss                                       bigbss       000000
__Lbigdata                                      bigdata      000000
__Lbigram                                       bigram       000000
__Lbigsfr                                       bigsfr       000000
__Lbss                                          bss          000000
__LbssCOMRAM                                    bssCOMRAM    000000
__Lcinit                                        cinit        000000
__Lclrtext                                      clrtext      000000
__Lcomram                                       comram       000000
__Lconfig                                       config       000000
__Lconst                                        const        000000
__LcstackCOMRAM                                 cstackCOMRAM 000000
__Ldata                                         data         000000
__Leeprom_data                                  eeprom_data  000000
__Lfarbss                                       farbss       000000
__Lfardata                                      fardata      000000
__Lheap                                         heap         000000
__Libigdata                                     ibigdata     000000
__Lidata                                        idata        000000
__Lidloc                                        idloc        000000
__Lifardata                                     ifardata     000000
__Linit                                         init         000000
__Lintcode                                      intcode      000000
__Lintcode_body                                 intcode_body 000000
__Lintcodelo                                    intcodelo    000000
__Lintentry                                     intentry     000000
__Lintret                                       intret       000000
__Lintsave_regs                                 intsave_regs 000000
__Lirdata                                       irdata       000000
__Lmediumconst                                  mediumconst  000000
__LnvCOMRAM                                     nvCOMRAM     000000
__LnvFARRAM                                     nvFARRAM     000000
__Lnvbit                                        nvbit        000000
__Lnvrram                                       nvrram       000000
__Lparam                                        rparam       000000
__Lpowerup                                      powerup      000000
__Lram                                          ram          000000
__Lramtop                                       ramtop       001000
__Lrbit                                         rbit         000000
__Lrbss                                         rbss         000000
__Lrdata                                        rdata        000000
__Lreset_vec                                    reset_vec    000000
__Lrparam                                       rparam       000000
__Lsfr                                          sfr          000000
__Lsmallconst                                   smallconst   001000
__Lspace_0                                      (abs)        000000
__Lspace_1                                      (abs)        000000
__Lspace_2                                      (abs)        000000
__Lspace_4                                      (abs)        000000
__Lstack                                        stack        000000
__Lstruct                                       struct       000000
__Ltemp                                         temp         000000
__Ltext                                         text         000000
__Ltext0                                        text0        000000
__Ltext1                                        text1        000000
__Ltext10                                       text10       000000
__Ltext11                                       text11       000000
__Ltext12                                       text12       000000
__Ltext13                                       text13       000000
__Ltext14                                       text14       000000
__Ltext15                                       text15       000000
__Ltext16                                       text16       000000
__Ltext17                                       text17       000000
__Ltext18                                       text18       000000
__Ltext19                                       text19       000000
__Ltext2                                        text2        000000
__Ltext20                                       text20       000000
__Ltext21                                       text21       000000
__Ltext22                                       text22       000000
__Ltext23                                       text23       000000
__Ltext24                                       text24       000000
__Ltext25                                       text25       000000
__Ltext26                                       text26       000000
__Ltext27                                       text27       000000
__Ltext28                                       text28       000000
__Ltext29                                       text29       000000
__Ltext3                                        text3        000000
__Ltext30                                       text30       000000
__Ltext31                                       text31       000000
__Ltext32                                       text32       000000
__Ltext33                                       text33       000000
__Ltext34                                       text34       000000
__Ltext35                                       text35       000000
__Ltext36                                       text36       000000
__Ltext37                                       text37       000000
__Ltext38                                       text38       000000
__Ltext39                                       text39       000000
__Ltext4                                        text4        000000
__Ltext40                                       text40       000000
__Ltext41                                       text41       000000
__Ltext42                                       text42       000000
__Ltext43                                       text43       000000
__Ltext44                                       text44       000000
__Ltext45                                       text45       000000
__Ltext46                                       text46       000000
__Ltext47                                       text47       000000
__Ltext48                                       text48       000000
__Ltext49                                       text49       000000
__Ltext5                                        text5        000000
__Ltext50                                       text50       000000
__Ltext51                                       text51       000000
__Ltext52                                       text52       000000
__Ltext53                                       text53       000000
__Ltext54                                       text54       000000
__Ltext6                                        text6        000000
__Ltext7                                        text7        000000
__Ltext8                                        text8        000000
__Ltext9                                        text9        000000
__S0                                            (abs)        001888
__S1                                            (abs)        000049
__S4                                            (abs)        000000
__S5                                            (abs)        000000
___heap_hi                                      (abs)        000000
___heap_lo                                      (abs)        000000
___inthi_sp                                     stack        000000
___intlo_sp                                     stack        000000
___param_bank                                   (abs)        000000
___rparam_used                                  (abs)        000001
___sp                                           stack        000000
__accesstop                                     (abs)        000060
__activetblptr                                  (abs)        000002
__end_of_EUSART1_Initialize                     text4        0015E6
__end_of_EUSART1_SetErrorHandler                text7        0017F2
__end_of_EUSART1_SetFramingErrorHandler         text6        0017E8
__end_of_EUSART1_SetOverrunErrorHandler         text5        0017DE
__end_of_I2C_CallbackReturnReset                text37       00186C
__end_of_I2C_CallbackReturnStop                 text38       001870
__end_of_I2C_Close                              text50       0016C0
__end_of_I2C_DO_ADDRESS_NACK                    text14       0014CA
__end_of_I2C_DO_IDLE                            text28       001810
__end_of_I2C_DO_RCEN                            text23       001806
__end_of_I2C_DO_RESET                           text15       0017FC
__end_of_I2C_DO_RX                              text24       0012DE
__end_of_I2C_DO_RX_ACK                          text18       001828
__end_of_I2C_DO_RX_NACK_RESTART                 text16       001818
__end_of_I2C_DO_RX_NACK_STOP                    text17       001820
__end_of_I2C_DO_SEND_ADR_READ                   text27       0017D4
__end_of_I2C_DO_SEND_ADR_WRITE                  text26       0017C6
__end_of_I2C_DO_SEND_RESTART                    text20       001838
__end_of_I2C_DO_SEND_RESTART_READ               text22       001848
__end_of_I2C_DO_SEND_RESTART_WRITE              text21       001840
__end_of_I2C_DO_SEND_STOP                       text19       001830
__end_of_I2C_DO_TX                              text25       001238
__end_of_I2C_DO_TX_EMPTY                        text29       0013E6
__end_of_I2C_MasterClearIrq                     text53       001888
__end_of_I2C_MasterClose                        text52       001884
__end_of_I2C_MasterDisableIrq                   text51       001880
__end_of_I2C_MasterEnableRestart                text48       001878
__end_of_I2C_MasterFsm                          text13       001526
__end_of_I2C_MasterGetRxData                    text34       001864
__end_of_I2C_MasterIsNack                       text31       001788
__end_of_I2C_MasterOpen                         text9        00172A
__end_of_I2C_MasterOperation                    text10       001568
__end_of_I2C_MasterSendAck                      text33       001856
__end_of_I2C_MasterSendNack                     text35       00185C
__end_of_I2C_MasterSendTxData                   text32       001850
__end_of_I2C_MasterSetIrq                       text30       001860
__end_of_I2C_MasterStart                        text49       00187C
__end_of_I2C_MasterStartRx                      text36       001868
__end_of_I2C_MasterStop                         text47       001874
__end_of_I2C_MasterWaitForEvent                 text12       0017AA
__end_of_I2C_Open                               text8        00136A
__end_of_I2C_Poller                             text11       001746
__end_of_I2C_SetBuffer                          text46       00170A
__end_of_I2C_SetCallback                        text45       001460
__end_of_I2C_SetDataCompleteCallback            text44       00175E
__end_of_OSCILLATOR_Initialize                  text3        00179A
__end_of_PIN_MANAGER_Initialize                 text2        0016E8
__end_of_SYSTEM_Initialize                      text1        0017B8
__end_of__initialization                        cinit        00176A
__end_of_i2c_fsmStateTable                      smallconst   001021
__end_of_main                                   text0        001174
__end_of_rd1RegCompleteHandler                  text42       00166A
__end_of_rd2RegCompleteHandler                  text41       00163E
__end_of_rdBlkRegCompleteHandler                text39       0015A8
__end_of_wr1RegCompleteHandler                  text40       001612
__end_of_wr2RegCompleteHandler                  text43       001696
__initialization                                cinit        00175E
__mediumconst                                   mediumconst  000000
__pbssCOMRAM                                    bssCOMRAM    000001
__pcinit                                        cinit        00175E
__pcstackCOMRAM                                 cstackCOMRAM 000026
__pnvCOMRAM                                     nvCOMRAM     000043
__psmallconst                                   smallconst   001000
__ptext0                                        text0        001022
__ptext1                                        text1        0017AA
__ptext10                                       text10       001526
__ptext11                                       text11       00172A
__ptext12                                       text12       00179A
__ptext13                                       text13       0014CA
__ptext14                                       text14       001460
__ptext15                                       text15       0017F2
__ptext16                                       text16       001810
__ptext17                                       text17       001818
__ptext18                                       text18       001820
__ptext19                                       text19       001828
__ptext2                                        text2        0016C0
__ptext20                                       text20       001830
__ptext21                                       text21       001838
__ptext22                                       text22       001840
__ptext23                                       text23       0017FC
__ptext24                                       text24       001238
__ptext25                                       text25       001174
__ptext26                                       text26       0017B8
__ptext27                                       text27       0017C6
__ptext28                                       text28       001806
__ptext29                                       text29       00136A
__ptext3                                        text3        001788
__ptext30                                       text30       00185C
__ptext31                                       text31       001774
__ptext32                                       text32       001848
__ptext33                                       text33       001850
__ptext34                                       text34       001860
__ptext35                                       text35       001856
__ptext36                                       text36       001864
__ptext37                                       text37       001868
__ptext38                                       text38       00186C
__ptext39                                       text39       001568
__ptext4                                        text4        0015A8
__ptext40                                       text40       0015E6
__ptext41                                       text41       001612
__ptext42                                       text42       00163E
__ptext43                                       text43       00166A
__ptext44                                       text44       001746
__ptext45                                       text45       0013E6
__ptext46                                       text46       0016E8
__ptext47                                       text47       001870
__ptext48                                       text48       001874
__ptext49                                       text49       001878
__ptext5                                        text5        0017D4
__ptext50                                       text50       001696
__ptext51                                       text51       00187C
__ptext52                                       text52       001880
__ptext53                                       text53       001884
__ptext54                                       text54       000000
__ptext6                                        text6        0017DE
__ptext7                                        text7        0017E8
__ptext8                                        text8        0012DE
__ptext9                                        text9        00170A
__ramtop                                        ramtop       001000
__smallconst                                    smallconst   001000
_eusart1RxLastError                             bssCOMRAM    000025
_i2c_fsmStateTable                              smallconst   001001
_main                                           text0        001022
_rd1RegCompleteHandler                          text42       00163E
_rd2RegCompleteHandler                          text41       001612
_rdBlkRegCompleteHandler                        text39       001568
_wr1RegCompleteHandler                          text40       0015E6
_wr2RegCompleteHandler                          text43       00166A
end_of_initialization                           cinit        00176A
intlevel0                                       text         000000
intlevel1                                       text         000000
intlevel2                                       text         000000
intlevel3                                       text         000000
isa$std                                         (abs)        000001
isa$xinst                                       (abs)        000000
main@tableau_ecriture                           cstackCOMRAM 00003D
main@tableau_lecture                            cstackCOMRAM 000037
rd1RegCompleteHandler@ptr                       cstackCOMRAM 00002F
rd2RegCompleteHandler@ptr                       cstackCOMRAM 00002F
rdBlkRegCompleteHandler@ptr                     cstackCOMRAM 00002F
stackhi                                         (abs)        000000
stacklo                                         (abs)        000000
start                                           init         000000
start_initialization                            cinit        00175E
wr1RegCompleteHandler@ptr                       cstackCOMRAM 00002F
wr2RegCompleteHandler@ptr                       cstackCOMRAM 00002F


MODULE INFORMATION

Module		Function		Class		Link	Load	Size
mcc_generated_files/examples/i2c_master_example.c
		_wr1RegCompleteHandler		CODE           	15E6	0000	44
		_wr2RegCompleteHandler		CODE           	166A	0000	44
		_rdBlkRegCompleteHandler		CODE           	1568	0000	64
		_rd1RegCompleteHandler		CODE           	163E	0000	44
		_rd2RegCompleteHandler		CODE           	1612	0000	44

mcc_generated_files/examples/i2c_master_example.c estimated size: 240

mcc_generated_files/pin_manager.c
		_PIN_MANAGER_Initialize		CODE           	16C0	0000	40

mcc_generated_files/pin_manager.c estimated size: 40

shared
		__initialization		CODE           	175E	0000	12
		_i2c_fsmStateTable		SMALLCONST     	1001	0000	32

shared estimated size: 44

mcc_generated_files/eusart1.c
		_EUSART1_Initialize		CODE           	15A8	0000	62
		_EUSART1_SetFramingErrorHandler		CODE           	17DE	0000	10
		_EUSART1_SetOverrunErrorHandler		CODE           	17D4	0000	10
		_EUSART1_SetErrorHandler		CODE           	17E8	0000	10

mcc_generated_files/eusart1.c estimated size: 92

mcc_generated_files/mcc.c
		_OSCILLATOR_Initialize		CODE           	1788	0000	18
		_SYSTEM_Initialize		CODE           	17AA	0000	14

mcc_generated_files/mcc.c estimated size: 32

mcc_generated_files/i2c_master.c
		_I2C_Close     		CODE           	1696	0000	42
		_I2C_MasterStartRx		CODE           	1864	0000	4
		_I2C_DO_SEND_ADR_WRITE		CODE           	17B8	0000	14
		_I2C_MasterWaitForEvent		CODE           	179A	0000	16
		_I2C_DO_SEND_STOP		CODE           	1828	0000	8
		_I2C_MasterSendNack		CODE           	1856	0000	6
		_I2C_MasterDisableIrq		CODE           	187C	0000	4
		_I2C_CallbackReturnStop		CODE           	186C	0000	4
		_I2C_MasterOperation		CODE           	1526	0000	66
		_I2C_DO_SEND_ADR_READ		CODE           	17C6	0000	14
		_I2C_DO_RX_NACK_STOP		CODE           	1818	0000	8
		_I2C_DO_SEND_RESTART		CODE           	1830	0000	8
		_I2C_DO_RX     		CODE           	1238	0000	166
		_I2C_DO_TX     		CODE           	1174	0000	196
		_I2C_DO_IDLE   		CODE           	1806	0000	10
		_I2C_DO_RCEN   		CODE           	17FC	0000	10
		_I2C_Poller    		CODE           	172A	0000	28
		_I2C_DO_RESET  		CODE           	17F2	0000	10
		_I2C_MasterClose		CODE           	1880	0000	4
		_I2C_DO_RX_ACK 		CODE           	1820	0000	8
		_I2C_MasterStart		CODE           	1878	0000	4
		_I2C_MasterClearIrq		CODE           	1884	0000	4
		_I2C_MasterGetRxData		CODE           	1860	0000	4
		_I2C_SetCallback		CODE           	13E6	0000	122
		_I2C_DO_ADDRESS_NACK		CODE           	1460	0000	106
		_I2C_MasterEnableRestart		CODE           	1874	0000	4
		_I2C_CallbackReturnReset		CODE           	1868	0000	4
		_I2C_Open      		CODE           	12DE	0000	140
		_I2C_DO_TX_EMPTY		CODE           	136A	0000	124
		_I2C_DO_SEND_RESTART_WRITE		CODE           	1838	0000	8
		_I2C_MasterIsNack		CODE           	1774	0000	20
		_I2C_SetDataCompleteCallback		CODE           	1746	0000	24
		_I2C_DO_RX_NACK_RESTART		CODE           	1810	0000	8
		_I2C_MasterSendAck		CODE           	1850	0000	6
		_I2C_MasterFsm 		CODE           	14CA	0000	92
		_I2C_MasterSetIrq		CODE           	185C	0000	4
		_I2C_DO_SEND_RESTART_READ		CODE           	1840	0000	8
		_I2C_SetBuffer 		CODE           	16E8	0000	34
		_I2C_MasterOpen		CODE           	170A	0000	32
		_I2C_MasterSendTxData		CODE           	1848	0000	8
		_I2C_MasterStop		CODE           	1870	0000	4

mcc_generated_files/i2c_master.c estimated size: 1386

main.c
		_main          		CODE           	1022	0000	338

main.c estimated size: 338

